"name","phi","theta","q","closest_pucker"
"14b.sdf",240.00000000000003,90.0,0.8348484892481989,"14b"
"3e.sdf",0.5165961211938987,125.16673486810083,0.4766146774356231,"3e"
