"name","phi","theta","q","closest_pucker"
"14b.sdf",240.00000000000003,90.0,0.8348484892481989,"14b"
"1c4.sdf",83.6598082540901,180.0,0.6270693741524935,"1c4"
"3e.sdf",0.5165961211938987,125.16673486810083,0.4766146774356231,"3e"
